[{
	"resource": "/E:/TFE Project files/DEV/colisapp_project/src/services/backend-services/Bk_AgencyService.ts",
	"owner": "typescript",
	"code": "2322",
	"severity": 8,
	"message": "Type '{ OR: ({ name: { contains: string; mode: string; }; location?: undefined; } | { location: { contains: string; mode: string; }; name?: undefined; })[]; } | { OR?: undefined; }' is not assignable to type 'AgencyWhereInput | undefined'.\n  Type '{ OR: ({ name: { contains: string; mode: string; }; location?: undefined; } | { location: { contains: string; mode: string; }; name?: undefined; })[]; }' is not assignable to type 'AgencyWhereInput'.\n    Types of property 'OR' are incompatible.\n      Type '({ name: { contains: string; mode: string; }; location?: undefined; } | { location: { contains: string; mode: string; }; name?: undefined; })[]' is not assignable to type 'AgencyWhereInput[]'.\n        Type '{ name: { contains: string; mode: string; }; location?: undefined; } | { location: { contains: string; mode: string; }; name?: undefined; }' is not assignable to type 'AgencyWhereInput'.\n          Type '{ name: { contains: string; mode: string; }; location?: undefined; }' is not assignable to type 'AgencyWhereInput'.\n            Types of property 'name' are incompatible.\n              Type '{ contains: string; mode: string; }' is not assignable to type 'string | StringFilter<\"Agency\"> | undefined'.\n                Type '{ contains: string; mode: string; }' is not assignable to type 'StringFilter<\"Agency\">'.\n                  Types of property 'mode' are incompatible.\n                    Type 'string' is not assignable to type 'QueryMode | undefined'.",
	"source": "ts",
	"startLineNumber": 110,
	"startColumn": 51,
	"endLineNumber": 110,
	"endColumn": 56,
	"origin": "extHost2"
},{
	"resource": "/E:/TFE Project files/DEV/colisapp_project/src/services/backend-services/Bk_AgencyService.ts",
	"owner": "typescript",
	"code": "2322",
	"severity": 8,
	"message": "Type '{ OR: ({ name: { contains: string; mode: string; }; location?: undefined; } | { location: { contains: string; mode: string; }; name?: undefined; })[]; } | { OR?: undefined; }' is not assignable to type 'AgencyWhereInput | undefined'.\n  Type '{ OR: ({ name: { contains: string; mode: string; }; location?: undefined; } | { location: { contains: string; mode: string; }; name?: undefined; })[]; }' is not assignable to type 'AgencyWhereInput'.\n    Types of property 'OR' are incompatible.\n      Type '({ name: { contains: string; mode: string; }; location?: undefined; } | { location: { contains: string; mode: string; }; name?: undefined; })[]' is not assignable to type 'AgencyWhereInput[]'.\n        Type '{ name: { contains: string; mode: string; }; location?: undefined; } | { location: { contains: string; mode: string; }; name?: undefined; }' is not assignable to type 'AgencyWhereInput'.\n          Type '{ name: { contains: string; mode: string; }; location?: undefined; }' is not assignable to type 'AgencyWhereInput'.\n            Types of property 'name' are incompatible.\n              Type '{ contains: string; mode: string; }' is not assignable to type 'string | StringFilter<\"Agency\"> | undefined'.\n                Type '{ contains: string; mode: string; }' is not assignable to type 'StringFilter<\"Agency\">'.\n                  Types of property 'mode' are incompatible.\n                    Type 'string' is not assignable to type 'QueryMode | undefined'.",
	"source": "ts",
	"startLineNumber": 113,
	"startColumn": 13,
	"endLineNumber": 113,
	"endColumn": 18,
	"origin": "extHost2"
},{
	"resource": "/E:/TFE Project files/DEV/colisapp_project/src/services/backend-services/Bk_AgencyService.ts",
	"owner": "typescript",
	"code": "2551",
	"severity": 8,
	"message": "Property 'address' does not exist on type '{ name: string; id: number; createdAt: Date; email: string | null; phoneNumber: string | null; updatedAt: Date; isDeleted: boolean; addressId: number; location: string | null; vatNumber: string | null; capacity: number | null; availableSlots: number | null; createdById: number | null; }'. Did you mean 'addressId'?",
	"source": "ts",
	"startLineNumber": 165,
	"startColumn": 28,
	"endLineNumber": 165,
	"endColumn": 35,
	"origin": "extHost2"
},{
	"resource": "/E:/TFE Project files/DEV/colisapp_project/src/services/backend-services/Bk_AgencyService.ts",
	"owner": "typescript",
	"code": "2551",
	"severity": 8,
	"message": "Property 'address' does not exist on type '{ name: string; id: number; createdAt: Date; email: string | null; phoneNumber: string | null; updatedAt: Date; isDeleted: boolean; addressId: number; location: string | null; vatNumber: string | null; capacity: number | null; availableSlots: number | null; createdById: number | null; }'. Did you mean 'addressId'?",
	"source": "ts",
	"startLineNumber": 166,
	"startColumn": 32,
	"endLineNumber": 166,
	"endColumn": 39,
	"origin": "extHost2"
},{
	"resource": "/E:/TFE Project files/DEV/colisapp_project/src/services/backend-services/Bk_AgencyService.ts",
	"owner": "typescript",
	"code": "2551",
	"severity": 8,
	"message": "Property 'address' does not exist on type '{ name: string; id: number; createdAt: Date; email: string | null; phoneNumber: string | null; updatedAt: Date; isDeleted: boolean; addressId: number; location: string | null; vatNumber: string | null; capacity: number | null; availableSlots: number | null; createdById: number | null; }'. Did you mean 'addressId'?",
	"source": "ts",
	"startLineNumber": 167,
	"startColumn": 36,
	"endLineNumber": 167,
	"endColumn": 43,
	"origin": "extHost2"
},{
	"resource": "/E:/TFE Project files/DEV/colisapp_project/src/services/backend-services/Bk_AgencyService.ts",
	"owner": "typescript",
	"code": "2551",
	"severity": 8,
	"message": "Property 'address' does not exist on type '{ name: string; id: number; createdAt: Date; email: string | null; phoneNumber: string | null; updatedAt: Date; isDeleted: boolean; addressId: number; location: string | null; vatNumber: string | null; capacity: number | null; availableSlots: number | null; createdById: number | null; }'. Did you mean 'addressId'?",
	"source": "ts",
	"startLineNumber": 168,
	"startColumn": 38,
	"endLineNumber": 168,
	"endColumn": 45,
	"origin": "extHost2"
},{
	"resource": "/E:/TFE Project files/DEV/colisapp_project/src/services/backend-services/Bk_AgencyService.ts",
	"owner": "typescript",
	"code": "2551",
	"severity": 8,
	"message": "Property 'address' does not exist on type '{ name: string; id: number; createdAt: Date; email: string | null; phoneNumber: string | null; updatedAt: Date; isDeleted: boolean; addressId: number; location: string | null; vatNumber: string | null; capacity: number | null; availableSlots: number | null; createdById: number | null; }'. Did you mean 'addressId'?",
	"source": "ts",
	"startLineNumber": 169,
	"startColumn": 35,
	"endLineNumber": 169,
	"endColumn": 42,
	"origin": "extHost2"
},{
	"resource": "/E:/TFE Project files/DEV/colisapp_project/src/services/backend-services/Bk_AgencyService.ts",
	"owner": "typescript",
	"code": "2551",
	"severity": 8,
	"message": "Property 'address' does not exist on type '{ name: string; id: number; createdAt: Date; email: string | null; phoneNumber: string | null; updatedAt: Date; isDeleted: boolean; addressId: number; location: string | null; vatNumber: string | null; capacity: number | null; availableSlots: number | null; createdById: number | null; }'. Did you mean 'addressId'?",
	"source": "ts",
	"startLineNumber": 171,
	"startColumn": 32,
	"endLineNumber": 171,
	"endColumn": 39,
	"origin": "extHost2"
},{
	"resource": "/E:/TFE Project files/DEV/colisapp_project/src/services/backend-services/Bk_AgencyService.ts",
	"owner": "typescript",
	"code": "2551",
	"severity": 8,
	"message": "Property 'address' does not exist on type '{ name: string; id: number; createdAt: Date; email: string | null; phoneNumber: string | null; updatedAt: Date; isDeleted: boolean; addressId: number; location: string | null; vatNumber: string | null; capacity: number | null; availableSlots: number | null; createdById: number | null; }'. Did you mean 'addressId'?",
	"source": "ts",
	"startLineNumber": 172,
	"startColumn": 34,
	"endLineNumber": 172,
	"endColumn": 41,
	"origin": "extHost2"
},{
	"resource": "/E:/TFE Project files/DEV/colisapp_project/src/services/backend-services/Bk_AgencyService.ts",
	"owner": "typescript",
	"code": "2551",
	"severity": 8,
	"message": "Property 'address' does not exist on type '{ name: string; id: number; createdAt: Date; email: string | null; phoneNumber: string | null; updatedAt: Date; isDeleted: boolean; addressId: number; location: string | null; vatNumber: string | null; capacity: number | null; availableSlots: number | null; createdById: number | null; }'. Did you mean 'addressId'?",
	"source": "ts",
	"startLineNumber": 174,
	"startColumn": 36,
	"endLineNumber": 174,
	"endColumn": 43,
	"origin": "extHost2"
},{
	"resource": "/E:/TFE Project files/DEV/colisapp_project/src/services/backend-services/Bk_AgencyService.ts",
	"owner": "typescript",
	"code": "2551",
	"severity": 8,
	"message": "Property 'address' does not exist on type '{ name: string; id: number; createdAt: Date; email: string | null; phoneNumber: string | null; updatedAt: Date; isDeleted: boolean; addressId: number; location: string | null; vatNumber: string | null; capacity: number | null; availableSlots: number | null; createdById: number | null; }'. Did you mean 'addressId'?",
	"source": "ts",
	"startLineNumber": 175,
	"startColumn": 38,
	"endLineNumber": 175,
	"endColumn": 45,
	"origin": "extHost2"
},{
	"resource": "/E:/TFE Project files/DEV/colisapp_project/src/services/backend-services/Bk_AgencyService.ts",
	"owner": "typescript",
	"code": "2322",
	"severity": 8,
	"message": "Type '{ staffId: number; agency: { OR: ({ name: { contains: string; mode: string; }; location?: undefined; } | { location: { contains: string; mode: string; }; name?: undefined; })[]; } | { OR?: undefined; }; }' is not assignable to type 'AgencyStaffWhereInput'.\n  Types of property 'agency' are incompatible.\n    Type '{ OR: ({ name: { contains: string; mode: string; }; location?: undefined; } | { location: { contains: string; mode: string; }; name?: undefined; })[]; } | { OR?: undefined; }' is not assignable to type '(Without<AgencyScalarRelationFilter, AgencyWhereInput> & AgencyWhereInput) | (Without<AgencyWhereInput, AgencyScalarRelationFilter> & AgencyScalarRelationFilter) | undefined'.\n      Type '{ OR: ({ name: { contains: string; mode: string; }; location?: undefined; } | { location: { contains: string; mode: string; }; name?: undefined; })[]; }' is not assignable to type '(Without<AgencyScalarRelationFilter, AgencyWhereInput> & AgencyWhereInput) | (Without<AgencyWhereInput, AgencyScalarRelationFilter> & AgencyScalarRelationFilter) | undefined'.\n        Type '{ OR: ({ name: { contains: string; mode: string; }; location?: undefined; } | { location: { contains: string; mode: string; }; name?: undefined; })[]; }' is not assignable to type '(Without<AgencyScalarRelationFilter, AgencyWhereInput> & AgencyWhereInput) | (Without<AgencyWhereInput, AgencyScalarRelationFilter> & AgencyScalarRelationFilter)'.\n          Type '{ OR: ({ name: { contains: string; mode: string; }; location?: undefined; } | { location: { contains: string; mode: string; }; name?: undefined; })[]; }' is not assignable to type 'Without<AgencyWhereInput, AgencyScalarRelationFilter> & AgencyScalarRelationFilter'.\n            Type '{ OR: ({ name: { contains: string; mode: string; }; location?: undefined; } | { location: { contains: string; mode: string; }; name?: undefined; })[]; }' is not assignable to type 'Without<AgencyWhereInput, AgencyScalarRelationFilter>'.\n              Types of property 'OR' are incompatible.\n                Type '({ name: { contains: string; mode: string; }; location?: undefined; } | { location: { contains: string; mode: string; }; name?: undefined; })[]' is not assignable to type 'undefined'.",
	"source": "ts",
	"startLineNumber": 219,
	"startColumn": 56,
	"endLineNumber": 219,
	"endColumn": 61,
	"origin": "extHost2"
},{
	"resource": "/E:/TFE Project files/DEV/colisapp_project/src/services/backend-services/Bk_AgencyService.ts",
	"owner": "typescript",
	"code": "2322",
	"severity": 8,
	"message": "Type '{ staffId: number; agency: { OR: ({ name: { contains: string; mode: string; }; location?: undefined; } | { location: { contains: string; mode: string; }; name?: undefined; })[]; } | { OR?: undefined; }; }' is not assignable to type 'AgencyStaffWhereInput'.\n  Types of property 'agency' are incompatible.\n    Type '{ OR: ({ name: { contains: string; mode: string; }; location?: undefined; } | { location: { contains: string; mode: string; }; name?: undefined; })[]; } | { OR?: undefined; }' is not assignable to type '(Without<AgencyScalarRelationFilter, AgencyWhereInput> & AgencyWhereInput) | (Without<AgencyWhereInput, AgencyScalarRelationFilter> & AgencyScalarRelationFilter) | undefined'.\n      Type '{ OR: ({ name: { contains: string; mode: string; }; location?: undefined; } | { location: { contains: string; mode: string; }; name?: undefined; })[]; }' is not assignable to type '(Without<AgencyScalarRelationFilter, AgencyWhereInput> & AgencyWhereInput) | (Without<AgencyWhereInput, AgencyScalarRelationFilter> & AgencyScalarRelationFilter) | undefined'.\n        Type '{ OR: ({ name: { contains: string; mode: string; }; location?: undefined; } | { location: { contains: string; mode: string; }; name?: undefined; })[]; }' is not assignable to type '(Without<AgencyScalarRelationFilter, AgencyWhereInput> & AgencyWhereInput) | (Without<AgencyWhereInput, AgencyScalarRelationFilter> & AgencyScalarRelationFilter)'.\n          Type '{ OR: ({ name: { contains: string; mode: string; }; location?: undefined; } | { location: { contains: string; mode: string; }; name?: undefined; })[]; }' is not assignable to type 'Without<AgencyWhereInput, AgencyScalarRelationFilter> & AgencyScalarRelationFilter'.\n            Type '{ OR: ({ name: { contains: string; mode: string; }; location?: undefined; } | { location: { contains: string; mode: string; }; name?: undefined; })[]; }' is not assignable to type 'Without<AgencyWhereInput, AgencyScalarRelationFilter>'.\n              Types of property 'OR' are incompatible.\n                Type '({ name: { contains: string; mode: string; }; location?: undefined; } | { location: { contains: string; mode: string; }; name?: undefined; })[]' is not assignable to type 'undefined'.",
	"source": "ts",
	"startLineNumber": 222,
	"startColumn": 13,
	"endLineNumber": 222,
	"endColumn": 18,
	"origin": "extHost2"
},{
	"resource": "/E:/TFE Project files/DEV/colisapp_project/src/services/backend-services/Bk_AgencyService.ts",
	"owner": "typescript",
	"code": "2551",
	"severity": 8,
	"message": "Property 'agency' does not exist on type '{ id: number; agencyId: number; staffId: number; staffRole: Role; }'. Did you mean 'agencyId'?",
	"source": "ts",
	"startLineNumber": 274,
	"startColumn": 24,
	"endLineNumber": 274,
	"endColumn": 30,
	"origin": "extHost2"
},{
	"resource": "/E:/TFE Project files/DEV/colisapp_project/src/services/backend-services/Bk_AgencyService.ts",
	"owner": "typescript",
	"code": "2551",
	"severity": 8,
	"message": "Property 'agency' does not exist on type '{ id: number; agencyId: number; staffId: number; staffRole: Role; }'. Did you mean 'agencyId'?",
	"source": "ts",
	"startLineNumber": 275,
	"startColumn": 26,
	"endLineNumber": 275,
	"endColumn": 32,
	"origin": "extHost2"
},{
	"resource": "/E:/TFE Project files/DEV/colisapp_project/src/services/backend-services/Bk_AgencyService.ts",
	"owner": "typescript",
	"code": "2551",
	"severity": 8,
	"message": "Property 'agency' does not exist on type '{ id: number; agencyId: number; staffId: number; staffRole: Role; }'. Did you mean 'agencyId'?",
	"source": "ts",
	"startLineNumber": 276,
	"startColumn": 30,
	"endLineNumber": 276,
	"endColumn": 36,
	"origin": "extHost2"
},{
	"resource": "/E:/TFE Project files/DEV/colisapp_project/src/services/backend-services/Bk_AgencyService.ts",
	"owner": "typescript",
	"code": "2551",
	"severity": 8,
	"message": "Property 'agency' does not exist on type '{ id: number; agencyId: number; staffId: number; staffRole: Role; }'. Did you mean 'agencyId'?",
	"source": "ts",
	"startLineNumber": 277,
	"startColumn": 31,
	"endLineNumber": 277,
	"endColumn": 37,
	"origin": "extHost2"
},{
	"resource": "/E:/TFE Project files/DEV/colisapp_project/src/services/backend-services/Bk_AgencyService.ts",
	"owner": "typescript",
	"code": "2551",
	"severity": 8,
	"message": "Property 'agency' does not exist on type '{ id: number; agencyId: number; staffId: number; staffRole: Role; }'. Did you mean 'agencyId'?",
	"source": "ts",
	"startLineNumber": 278,
	"startColumn": 30,
	"endLineNumber": 278,
	"endColumn": 36,
	"origin": "extHost2"
},{
	"resource": "/E:/TFE Project files/DEV/colisapp_project/src/services/backend-services/Bk_AgencyService.ts",
	"owner": "typescript",
	"code": "2551",
	"severity": 8,
	"message": "Property 'agency' does not exist on type '{ id: number; agencyId: number; staffId: number; staffRole: Role; }'. Did you mean 'agencyId'?",
	"source": "ts",
	"startLineNumber": 279,
	"startColumn": 36,
	"endLineNumber": 279,
	"endColumn": 42,
	"origin": "extHost2"
},{
	"resource": "/E:/TFE Project files/DEV/colisapp_project/src/services/backend-services/Bk_AgencyService.ts",
	"owner": "typescript",
	"code": "2551",
	"severity": 8,
	"message": "Property 'agency' does not exist on type '{ id: number; agencyId: number; staffId: number; staffRole: Role; }'. Did you mean 'agencyId'?",
	"source": "ts",
	"startLineNumber": 281,
	"startColumn": 28,
	"endLineNumber": 281,
	"endColumn": 34,
	"origin": "extHost2"
},{
	"resource": "/E:/TFE Project files/DEV/colisapp_project/src/services/backend-services/Bk_AgencyService.ts",
	"owner": "typescript",
	"code": "2551",
	"severity": 8,
	"message": "Property 'agency' does not exist on type '{ id: number; agencyId: number; staffId: number; staffRole: Role; }'. Did you mean 'agencyId'?",
	"source": "ts",
	"startLineNumber": 282,
	"startColumn": 32,
	"endLineNumber": 282,
	"endColumn": 38,
	"origin": "extHost2"
},{
	"resource": "/E:/TFE Project files/DEV/colisapp_project/src/services/backend-services/Bk_AgencyService.ts",
	"owner": "typescript",
	"code": "2551",
	"severity": 8,
	"message": "Property 'agency' does not exist on type '{ id: number; agencyId: number; staffId: number; staffRole: Role; }'. Did you mean 'agencyId'?",
	"source": "ts",
	"startLineNumber": 283,
	"startColumn": 36,
	"endLineNumber": 283,
	"endColumn": 42,
	"origin": "extHost2"
},{
	"resource": "/E:/TFE Project files/DEV/colisapp_project/src/services/backend-services/Bk_AgencyService.ts",
	"owner": "typescript",
	"code": "2551",
	"severity": 8,
	"message": "Property 'agency' does not exist on type '{ id: number; agencyId: number; staffId: number; staffRole: Role; }'. Did you mean 'agencyId'?",
	"source": "ts",
	"startLineNumber": 284,
	"startColumn": 38,
	"endLineNumber": 284,
	"endColumn": 44,
	"origin": "extHost2"
},{
	"resource": "/E:/TFE Project files/DEV/colisapp_project/src/services/backend-services/Bk_AgencyService.ts",
	"owner": "typescript",
	"code": "2551",
	"severity": 8,
	"message": "Property 'agency' does not exist on type '{ id: number; agencyId: number; staffId: number; staffRole: Role; }'. Did you mean 'agencyId'?",
	"source": "ts",
	"startLineNumber": 285,
	"startColumn": 35,
	"endLineNumber": 285,
	"endColumn": 41,
	"origin": "extHost2"
},{
	"resource": "/E:/TFE Project files/DEV/colisapp_project/src/services/backend-services/Bk_AgencyService.ts",
	"owner": "typescript",
	"code": "2551",
	"severity": 8,
	"message": "Property 'agency' does not exist on type '{ id: number; agencyId: number; staffId: number; staffRole: Role; }'. Did you mean 'agencyId'?",
	"source": "ts",
	"startLineNumber": 287,
	"startColumn": 32,
	"endLineNumber": 287,
	"endColumn": 38,
	"origin": "extHost2"
},{
	"resource": "/E:/TFE Project files/DEV/colisapp_project/src/services/backend-services/Bk_AgencyService.ts",
	"owner": "typescript",
	"code": "2551",
	"severity": 8,
	"message": "Property 'agency' does not exist on type '{ id: number; agencyId: number; staffId: number; staffRole: Role; }'. Did you mean 'agencyId'?",
	"source": "ts",
	"startLineNumber": 288,
	"startColumn": 34,
	"endLineNumber": 288,
	"endColumn": 40,
	"origin": "extHost2"
},{
	"resource": "/E:/TFE Project files/DEV/colisapp_project/src/services/backend-services/Bk_AgencyService.ts",
	"owner": "typescript",
	"code": "2551",
	"severity": 8,
	"message": "Property 'agency' does not exist on type '{ id: number; agencyId: number; staffId: number; staffRole: Role; }'. Did you mean 'agencyId'?",
	"source": "ts",
	"startLineNumber": 290,
	"startColumn": 36,
	"endLineNumber": 290,
	"endColumn": 42,
	"origin": "extHost2"
},{
	"resource": "/E:/TFE Project files/DEV/colisapp_project/src/services/backend-services/Bk_AgencyService.ts",
	"owner": "typescript",
	"code": "2551",
	"severity": 8,
	"message": "Property 'agency' does not exist on type '{ id: number; agencyId: number; staffId: number; staffRole: Role; }'. Did you mean 'agencyId'?",
	"source": "ts",
	"startLineNumber": 291,
	"startColumn": 38,
	"endLineNumber": 291,
	"endColumn": 44,
	"origin": "extHost2"
},{
	"resource": "/E:/TFE Project files/DEV/colisapp_project/src/services/backend-services/Bk_AgencyService.ts",
	"owner": "typescript",
	"code": "2551",
	"severity": 8,
	"message": "Property 'agency' does not exist on type '{ id: number; agencyId: number; staffId: number; staffRole: Role; }'. Did you mean 'agencyId'?",
	"source": "ts",
	"startLineNumber": 295,
	"startColumn": 31,
	"endLineNumber": 295,
	"endColumn": 37,
	"origin": "extHost2"
},{
	"resource": "/E:/TFE Project files/DEV/colisapp_project/src/services/backend-services/Bk_AgencyService.ts",
	"owner": "typescript",
	"code": "2551",
	"severity": 8,
	"message": "Property 'agency' does not exist on type '{ id: number; agencyId: number; staffId: number; staffRole: Role; }'. Did you mean 'agencyId'?",
	"source": "ts",
	"startLineNumber": 296,
	"startColumn": 31,
	"endLineNumber": 296,
	"endColumn": 37,
	"origin": "extHost2"
}]